###############################################################################
#
# IAR ELF Linker V8.50.6.265/W32 for ARM                  02/Nov/2020  10:09:07
# Copyright 2007-2020 IAR Systems AB.
#
#    Output file  =
#        D:\università\LMM\Accendere Led quando si preme il bottone (con
#        libreria)\Debug\Exe\prova.out
#    Map file     =
#        D:\università\LMM\Accendere Led quando si preme il bottone (con
#        libreria)\Debug\List\prova.map
#    Command line =
#        -f C:\Users\salva\AppData\Local\Temp\EW1646.tmp
#        ("D:\università\LMM\Accendere Led quando si preme il bottone (con
#        libreria)\Debug\Obj\main.o" --no_out_extension -o
#        "D:\università\LMM\Accendere Led quando si preme il bottone (con
#        libreria)\Debug\Exe\prova.out" --redirect _Printf=_PrintfFullNoMb
#        --redirect _Scanf=_ScanfFullNoMb --map "D:\università\LMM\Accendere
#        Led quando si preme il bottone (con libreria)\Debug\List\prova.map"
#        --config "C:\Program Files (x86)\IAR Systems\Embedded Workbench
#        8.4_2\arm\config\linker\ST\stm32f303xC.icf" --semihosting --entry
#        __iar_program_start --vfe --text_out locale)
#
###############################################################################

*******************************************************************************
*** RUNTIME MODEL ATTRIBUTES
***

CppFlavor        = *
__CPP_Exceptions = Disabled
__CPP_Language   = C++14
__SystemLibrary  = DLib
__dlib_version   = 6


*******************************************************************************
*** HEAP SELECTION
***

The basic heap was selected because some modules are built with
size limitations (and not runtime checking), and --advanced_heap
was not specified.


*******************************************************************************
*** PLACEMENT SUMMARY
***

"A0":  place at address 0x800'0000 { ro section .intvec };
"P1":  place in [from 0x800'0000 to 0x803'ffff] { ro };
define block CSTACK with size = 8K, alignment = 8 { };
define block HEAP with size = 8K, alignment = 8 { };
"P2":  place in [from 0x2000'0000 to 0x2000'9fff] {
          rw, block CSTACK, block HEAP };

No sections matched the following patterns:

  rw               in "P2"
  section .ccmram  in "P3"


  Section   Kind         Address    Size  Object
  -------   ----         -------    ----  ------
"A0":                               0x40
  .intvec   ro code   0x800'0000    0x40  vector_table_M.o [3]
                    - 0x800'0040    0x40

"P1":                               0xa0
  .text     ro code   0x800'0040    0x4c  main.o [1]
  .text     ro code   0x800'008c    0x1e  cmain.o [3]
  .text     ro code   0x800'00aa     0x4  low_level_init.o [2]
  .text     ro code   0x800'00ae     0x4  exit.o [2]
  .text     ro code   0x800'00b2     0x2  vector_table_M.o [3]
  .text     ro code   0x800'00b4     0xa  cexit.o [3]
  .rodata   const     0x800'00be     0x1  unwind_debug.o [4]
  .text     ro code   0x800'00c0    0x14  exit.o [4]
  .text     ro code   0x800'00d4     0xc  cstartup_M.o [3]
                    - 0x800'00e0    0xa0

"P2":                             0x2000
  CSTACK             0x2000'0000  0x2000  <Block>
    CSTACK  uninit   0x2000'0000  0x2000  <Block tail>
                   - 0x2000'2000  0x2000

Unused ranges:

         From           To      Size
         ----           --      ----
   0x800'00e0   0x803'ffff  0x3'ff20
  0x2000'2000  0x2000'9fff    0x8000



*******************************************************************************
*** MODULE SUMMARY
***

    Module            ro code  ro data  rw data
    ------            -------  -------  -------
command line/config:
    -------------------------------------------
    Total:

D:\università\LMM\Accendere Led quando si preme il bottone (con libreria)\Debug\Obj: [1]
    main.o                 76
    -------------------------------------------
    Total:                 76

dl7M_tln.a: [2]
    exit.o                  4
    low_level_init.o        4
    -------------------------------------------
    Total:                  8

rt7M_tl.a: [3]
    cexit.o                10
    cmain.o                30
    cstartup_M.o           12
    vector_table_M.o       66
    -------------------------------------------
    Total:                118

shb_l.a: [4]
    exit.o                 20
    unwind_debug.o                   1
    -------------------------------------------
    Total:                 20        1

    Gaps                    1
    Linker created                        8'192
-----------------------------------------------
    Grand Total:          223        1    8'192


*******************************************************************************
*** ENTRY LIST
***

Entry                       Address  Size  Type      Object
-----                       -------  ----  ----      ------
?main                    0x800'008d        Code  Gb  cmain.o [3]
CSTACK$$Base            0x2000'0000         --   Gb  - Linker created -
CSTACK$$Limit           0x2000'2000         --   Gb  - Linker created -
Region$$Table$$Base             0x0         --   Gb  - Linker created -
Region$$Table$$Limit            0x0         --   Gb  - Linker created -
__cmain                  0x800'008d        Code  Gb  cmain.o [3]
__exit                   0x800'00c1  0x14  Code  Gb  exit.o [4]
__iar_debug_exceptions   0x800'00be   0x1  Data  Gb  unwind_debug.o [4]
__iar_program_start      0x800'00d5        Code  Gb  cstartup_M.o [3]
__low_level_init         0x800'00ab   0x4  Code  Gb  low_level_init.o [2]
__vector_table           0x800'0000        Data  Gb  vector_table_M.o [3]
_call_main               0x800'0099        Code  Gb  cmain.o [3]
_exit                    0x800'00b5        Code  Gb  cexit.o [3]
_main                    0x800'00a7        Code  Gb  cmain.o [3]
exit                     0x800'00af   0x4  Code  Gb  exit.o [2]
main                     0x800'0041  0x4c  Code  Gb  main.o [1]


[1] = D:\università\LMM\Accendere Led quando si preme il bottone (con libreria)\Debug\Obj
[2] = dl7M_tln.a
[3] = rt7M_tl.a
[4] = shb_l.a

    223 bytes of readonly  code memory
      1 byte  of readonly  data memory
  8'192 bytes of readwrite data memory

Errors: none
Warnings: none
