###############################################################################
#
# IAR ELF Linker V8.50.6.265/W32 for ARM                  24/Nov/2020  09:24:52
# Copyright 2007-2020 IAR Systems AB.
#
#    Output file  =
#        C:\Users\salva\Desktop\LMM\Generazione Segnale constante
#        DAC\Debug\Exe\Segnale Constante.out
#    Map file     =
#        C:\Users\salva\Desktop\LMM\Generazione Segnale constante
#        DAC\Debug\List\Segnale Constante.map
#    Command line =
#        -f C:\Users\salva\AppData\Local\Temp\EW6AEA.tmp
#        ("C:\Users\salva\Desktop\LMM\Generazione Segnale constante
#        DAC\Debug\Obj\main.o" "C:\Users\salva\Desktop\LMM\Generazione Segnale
#        constante DAC\Debug\Obj\startup_stm32f30x.o"
#        "C:\Users\salva\Desktop\LMM\Generazione Segnale constante
#        DAC\Debug\Obj\stm32f30x_it.o" "C:\Users\salva\Desktop\LMM\Generazione
#        Segnale constante DAC\Debug\Obj\system_stm32f30x.o" --no_out_extension
#        -o "C:\Users\salva\Desktop\LMM\Generazione Segnale constante
#        DAC\Debug\Exe\Segnale Constante.out" --redirect
#        _Printf=_PrintfFullNoMb --redirect _Scanf=_ScanfFullNoMb --map
#        "C:\Users\salva\Desktop\LMM\Generazione Segnale constante
#        DAC\Debug\List\Segnale Constante.map" --config "C:\Program Files
#        (x86)\IAR Systems\Embedded Workbench
#        8.4_2\arm\config\linker\ST\stm32f303xC.icf" --semihosting --entry
#        __iar_program_start --vfe --text_out locale)
#
###############################################################################

*******************************************************************************
*** RUNTIME MODEL ATTRIBUTES
***

CppFlavor       = *
__Heap_Handler  = Basic
__SystemLibrary = DLib
__dlib_version  = 6


*******************************************************************************
*** HEAP SELECTION
***

The basic heap was selected because some modules are built with
size limitations (and not runtime checking), and --advanced_heap
was not specified.


*******************************************************************************
*** PLACEMENT SUMMARY
***

"A0":  place at address 0x800'0000 { ro section .intvec };
"P1":  place in [from 0x800'0000 to 0x803'ffff] { ro };
define block CSTACK with size = 8K, alignment = 8 { };
define block HEAP with size = 8K, alignment = 8 { };
"P2":  place in [from 0x2000'0000 to 0x2000'9fff] {
          rw, block CSTACK, block HEAP };
initialize by copy { rw };

No sections matched the following patterns:

  section .ccmram  in "P3"


  Section            Kind         Address    Size  Object
  -------            ----         -------    ----  ------
"A0":                                       0x188
  .intvec            ro code   0x800'0000   0x188  startup_stm32f30x.o [1]
                             - 0x800'0188   0x188

"P1":                                      0x3901
  .text              ro code   0x800'0188   0xfc2  xprintffull_nomb.o [2]
  .text              ro code   0x800'114a    0x3a  zero_init3.o [4]
  .text              ro code   0x800'1184    0x16  strchr.o [4]
  .text              ro code   0x800'119a    0x12  stm32f30x_it.o [1]
  .text              ro code   0x800'11ac    0x40  xfail_s.o [2]
  .text              ro code   0x800'11ec    0x36  strlen.o [4]
  .rodata            const     0x800'1222     0x2  xlocale_c.o [2]
  .text              ro code   0x800'1224    0x58  memchr.o [4]
  .text              ro code   0x800'127c    0xa6  ABImemcpy.o [4]
  .rodata            const     0x800'1322     0x1  xlocale_c.o [2]
  .text              ro code   0x800'1324    0x70  frexp.o [3]
  .text              ro code   0x800'1394    0x2e  DblCmpLe.o [3]
  .text              ro code   0x800'13c4    0x2e  DblCmpGe.o [3]
  .text              ro code   0x800'13f4   0x13a  ldexp.o [3]
  .text              ro code   0x800'1530    0x3a  DblToS32.o [3]
  .text              ro code   0x800'156c    0x22  S32ToDbl.o [3]
  .text              ro code   0x800'1590    0xe2  DblSub.o [3]
  .text              ro code   0x800'1674   0x246  DblDiv.o [3]
  .text              ro code   0x800'18bc    0x28  DblToU32.o [3]
  .text              ro code   0x800'18e4    0x1a  U32ToDbl.o [3]
  .text              ro code   0x800'1900   0x1a2  DblMul.o [3]
  .text              ro code   0x800'1aa4     0x8  xlocale_c.o [2]
  .text              ro code   0x800'1aac   0x230  I64DivMod.o [4]
  .text              ro code   0x800'1cdc     0x6  abort.o [2]
  .text              ro code   0x800'1ce4   0x17a  DblAdd.o [3]
  .text              ro code   0x800'1e60     0x2  I64DivZer.o [4]
  .text              ro code   0x800'1e64    0x14  exit.o [5]
  .text              ro code   0x800'1e78    0x7c  iarttio.o [5]
  .text              ro code   0x800'1ef4    0x3c  XShttio.o [2]
  .text              ro code   0x800'1f30   0x6c4  pow64.o [3]
  .text              ro code   0x800'25f4    0x20  DblCmpEq.o [3]
  .text              ro code   0x800'2614   0x3ac  iar_Exp64.o [3]
  .rodata            const     0x800'29c0   0x420  pow64.o [3]
  .text              ro code   0x800'2de0   0x13c  heap0.o [2]
  .text              ro code   0x800'2f1c    0x2c  xgetmemchunk.o [2]
  .text              ro code   0x800'2f48   0x128  system_stm32f30x.o [1]
  .text              ro code   0x800'3070   0x120  main.o [1]
  .text              ro code   0x800'3190    0x16  math_wrappers64.o [3]
  .text              ro code   0x800'31a8    0x28  printf.o [2]
  .text              ro code   0x800'31d0    0xd8  xfspos.o [2]
  .text              ro code   0x800'32a8    0xac  fflush.o [2]
  .text              ro code   0x800'3354     0xc  xfgpos.o [2]
  .text              ro code   0x800'3360    0x4a  lseek.o [5]
  .text              ro code   0x800'33aa    0x10  write.o [5]
  .text              ro code   0x800'33bc    0xcc  XShHandles.o [2]
  .text              ro code   0x800'3488    0x1e  dwrite.o [5]
  .text              ro code   0x800'34a6    0x20  iarwstd.o [5]
  .text              ro code   0x800'34c6    0x22  iarwrite.o [5]
  .text              ro code   0x800'34e8    0xb4  xfwprep.o [2]
  .text              ro code   0x800'359c    0x24  fseek.o [2]
  .text              ro code   0x800'35c0    0x9c  xfofind.o [2]
  .text              ro code   0x800'365c     0x4  heaptramp0.o [2]
  .text              ro code   0x800'3660    0x7e  fclose.o [2]
  .text              ro code   0x800'36de    0x18  close.o [5]
  .text              ro code   0x800'36f6    0x14  remove.o [5]
  .text              ro code   0x800'370a    0x78  lz77_init_single.o [4]
  .text              ro code   0x800'3782    0x54  fputc.o [2]
  .text              ro code   0x800'37d8    0x3c  xcloseall.o [2]
  .text              ro code   0x800'3814    0x28  data_init.o [4]
  .text              ro code   0x800'383c    0x22  fpinit_M.o [3]
  .iar.init_table    const     0x800'3860    0x20  - Linker created -
  .rodata            const     0x800'3880    0x20  main.o [1]
  .text              ro code   0x800'38a0    0x1e  cmain.o [4]
  .text              ro code   0x800'38be     0x4  low_level_init.o [2]
  .text              ro code   0x800'38c2     0x4  exit.o [2]
  .text              ro code   0x800'38c8     0xe  cexit.o [4]
  .text              ro code   0x800'38d6    0x16  xprout.o [2]
  .text              ro code   0x800'38ec     0xc  putchar.o [2]
  .text              ro code   0x800'38f8    0x10  startup_stm32f30x.o [1]
  .text              ro code   0x800'3908     0xc  cstartup_M.o [4]
  .rodata            const     0x800'3914     0x8  xprintffull_nomb.o [2]
  .text              ro code   0x800'391c     0x4  startup_stm32f30x.o [1]
  .text              ro code   0x800'3920     0x4  startup_stm32f30x.o [1]
  .text              ro code   0x800'3924     0x4  startup_stm32f30x.o [1]
  .text              ro code   0x800'3928     0x4  startup_stm32f30x.o [1]
  .text              ro code   0x800'392c     0x4  startup_stm32f30x.o [1]
  .text              ro code   0x800'3930     0x4  startup_stm32f30x.o [1]
  .text              ro code   0x800'3934     0x4  startup_stm32f30x.o [1]
  .text              ro code   0x800'3938     0x4  startup_stm32f30x.o [1]
  .text              ro code   0x800'393c     0x4  startup_stm32f30x.o [1]
  .text              ro code   0x800'3940     0x4  startup_stm32f30x.o [1]
  .text              ro code   0x800'3944     0x4  startup_stm32f30x.o [1]
  .text              ro code   0x800'3948     0x4  startup_stm32f30x.o [1]
  .text              ro code   0x800'394c     0x4  startup_stm32f30x.o [1]
  .text              ro code   0x800'3950     0x4  startup_stm32f30x.o [1]
  .text              ro code   0x800'3954     0x4  startup_stm32f30x.o [1]
  .text              ro code   0x800'3958     0x4  startup_stm32f30x.o [1]
  .text              ro code   0x800'395c     0x4  startup_stm32f30x.o [1]
  .text              ro code   0x800'3960     0x4  startup_stm32f30x.o [1]
  .text              ro code   0x800'3964     0x4  startup_stm32f30x.o [1]
  .text              ro code   0x800'3968     0x4  startup_stm32f30x.o [1]
  .text              ro code   0x800'396c     0x4  startup_stm32f30x.o [1]
  .text              ro code   0x800'3970     0x4  startup_stm32f30x.o [1]
  .text              ro code   0x800'3974     0x4  startup_stm32f30x.o [1]
  .text              ro code   0x800'3978     0x4  startup_stm32f30x.o [1]
  .text              ro code   0x800'397c     0x4  startup_stm32f30x.o [1]
  .text              ro code   0x800'3980     0x4  startup_stm32f30x.o [1]
  .text              ro code   0x800'3984     0x4  startup_stm32f30x.o [1]
  .text              ro code   0x800'3988     0x4  startup_stm32f30x.o [1]
  .text              ro code   0x800'398c     0x4  startup_stm32f30x.o [1]
  .text              ro code   0x800'3990     0x4  startup_stm32f30x.o [1]
  .text              ro code   0x800'3994     0x4  startup_stm32f30x.o [1]
  .text              ro code   0x800'3998     0x4  startup_stm32f30x.o [1]
  .text              ro code   0x800'399c     0x4  startup_stm32f30x.o [1]
  .text              ro code   0x800'39a0     0x4  startup_stm32f30x.o [1]
  .text              ro code   0x800'39a4     0x4  startup_stm32f30x.o [1]
  .text              ro code   0x800'39a8     0x4  startup_stm32f30x.o [1]
  .text              ro code   0x800'39ac     0x4  startup_stm32f30x.o [1]
  .text              ro code   0x800'39b0     0x4  startup_stm32f30x.o [1]
  .text              ro code   0x800'39b4     0x4  startup_stm32f30x.o [1]
  .text              ro code   0x800'39b8     0x4  startup_stm32f30x.o [1]
  .text              ro code   0x800'39bc     0x4  startup_stm32f30x.o [1]
  .text              ro code   0x800'39c0     0x4  startup_stm32f30x.o [1]
  .text              ro code   0x800'39c4     0x4  startup_stm32f30x.o [1]
  .text              ro code   0x800'39c8     0x4  startup_stm32f30x.o [1]
  .text              ro code   0x800'39cc     0x4  startup_stm32f30x.o [1]
  .text              ro code   0x800'39d0     0x4  startup_stm32f30x.o [1]
  .text              ro code   0x800'39d4     0x4  startup_stm32f30x.o [1]
  .text              ro code   0x800'39d8     0x4  startup_stm32f30x.o [1]
  .text              ro code   0x800'39dc     0x4  startup_stm32f30x.o [1]
  .text              ro code   0x800'39e0     0x4  startup_stm32f30x.o [1]
  .text              ro code   0x800'39e4     0x4  startup_stm32f30x.o [1]
  .text              ro code   0x800'39e8     0x4  startup_stm32f30x.o [1]
  .text              ro code   0x800'39ec     0x4  startup_stm32f30x.o [1]
  .text              ro code   0x800'39f0     0x4  startup_stm32f30x.o [1]
  .text              ro code   0x800'39f4     0x4  startup_stm32f30x.o [1]
  .text              ro code   0x800'39f8     0x4  startup_stm32f30x.o [1]
  .text              ro code   0x800'39fc     0x4  startup_stm32f30x.o [1]
  .text              ro code   0x800'3a00     0x4  startup_stm32f30x.o [1]
  .text              ro code   0x800'3a04     0x4  startup_stm32f30x.o [1]
  .text              ro code   0x800'3a08     0x4  startup_stm32f30x.o [1]
  .text              ro code   0x800'3a0c     0x4  startup_stm32f30x.o [1]
  .text              ro code   0x800'3a10     0x4  startup_stm32f30x.o [1]
  .text              ro code   0x800'3a14     0x4  startup_stm32f30x.o [1]
  .text              ro code   0x800'3a18     0x4  startup_stm32f30x.o [1]
  .text              ro code   0x800'3a1c     0x4  startup_stm32f30x.o [1]
  .text              ro code   0x800'3a20     0x0  cstart_closeall.o [4]
  .rodata            const     0x800'3a20     0x0  zero_init3.o [4]
  .rodata            const     0x800'3a20     0x0  lz77_init_single.o [4]
  Initializer bytes  const     0x800'3a20    0x69  <for P2-1>
                             - 0x800'3a89  0x3901

"P2", part 1 of 3:                          0x138
  P2-1                        0x2000'0000   0x138  <Init block>
    .data            inited   0x2000'0000    0x38  xlocale_c.o [2]
    .data            inited   0x2000'0038    0x48  xfiles.o [2]
    .data            inited   0x2000'0080    0x48  xfiles.o [2]
    .data            inited   0x2000'00c8    0x48  xfiles.o [2]
    .data            inited   0x2000'0110    0x20  xfiles.o [2]
    .data            inited   0x2000'0130     0x8  XShttio.o [2]
                            - 0x2000'0138   0x138

"P2", part 2 of 3:                          0x144
  .bss               zero     0x2000'0138    0x80  XShHandles.o [2]
  .bss               zero     0x2000'01b8    0x50  xfiles.o [2]
  .bss               zero     0x2000'0208    0x50  xfiles.o [2]
  .bss               zero     0x2000'0258     0x8  main.o [1]
  .bss               zero     0x2000'0260     0x8  heap0.o [2]
  .bss               zero     0x2000'0268     0x4  main.o [1]
  .bss               zero     0x2000'026c     0x4  main.o [1]
  .bss               zero     0x2000'0270     0x4  xfail_s.o [2]
  .bss               zero     0x2000'0274     0x4  xgetmemchunk.o [2]
  .bss               zero     0x2000'0278     0x1  XShttio.o [2]
                            - 0x2000'0279   0x141

"P2", part 3 of 3:                         0x4000
  CSTACK                      0x2000'0280  0x2000  <Block>
    CSTACK           uninit   0x2000'0280  0x2000  <Block tail>
  HEAP                        0x2000'2280  0x2000  <Block>
    HEAP             uninit   0x2000'2280  0x2000  <Block tail>
                            - 0x2000'4280  0x4000

Unused ranges:

         From           To      Size
         ----           --      ----
   0x800'3a89   0x803'ffff  0x3'c577
  0x2000'027c  0x2000'027f       0x4
  0x2000'4280  0x2000'9fff    0x5d80


*******************************************************************************
*** INIT TABLE
***

          Address      Size
          -------      ----
Zero (__iar_zero_init3)
    1 destination range, total size 0x141:
          0x2000'0138  0x141

Copy/lz77 (__iar_lz77_init_single3)
    1 source range, total size 0x69 (33% of destination):
           0x800'3a20   0x69
    1 destination range, total size 0x138:
          0x2000'0000  0x138



*******************************************************************************
*** MODULE SUMMARY
***

    Module               ro code  ro data  rw data
    ------               -------  -------  -------
command line/config:
    ----------------------------------------------
    Total:

C:\Users\salva\Desktop\LMM\Generazione Segnale constante DAC\Debug\Obj: [1]
    main.o                   288       32       16
    startup_stm32f30x.o      668
    stm32f30x_it.o            18
    system_stm32f30x.o       296
    ----------------------------------------------
    Total:                 1'270       32       16

dl7M_tlf.a: [2]
    XShHandles.o             204               128
    XShttio.o                 60        3        9
    abort.o                    6
    exit.o                     4
    fclose.o                 126
    fflush.o                 172
    fputc.o                   84
    fseek.o                   36
    heap0.o                  316                 8
    heaptramp0.o               4
    low_level_init.o           4
    printf.o                  40
    putchar.o                 12
    xcloseall.o               60
    xfail_s.o                 64                 4
    xfgpos.o                  12
    xfiles.o                           84      408
    xfofind.o                156
    xfspos.o                 216
    xfwprep.o                180
    xgetmemchunk.o            44                 4
    xlocale_c.o                8       21       56
    xprintffull_nomb.o     4'034        8
    xprout.o                  22
    ----------------------------------------------
    Total:                 5'864      116      617

m7M_tls.a: [3]
    DblAdd.o                 378
    DblCmpEq.o                32
    DblCmpGe.o                46
    DblCmpLe.o                46
    DblDiv.o                 582
    DblMul.o                 418
    DblSub.o                 226
    DblToS32.o                58
    DblToU32.o                40
    S32ToDbl.o                34
    U32ToDbl.o                26
    fpinit_M.o                34
    frexp.o                  112
    iar_Exp64.o              940
    ldexp.o                  314
    math_wrappers64.o         22
    pow64.o                1'732    1'056
    ----------------------------------------------
    Total:                 5'040    1'056

rt7M_tl.a: [4]
    ABImemcpy.o              166
    I64DivMod.o              560
    I64DivZer.o                2
    cexit.o                   14
    cmain.o                   30
    cstart_closeall.o
    cstartup_M.o              12
    data_init.o               40
    lz77_init_single.o       120
    memchr.o                  88
    strchr.o                  22
    strlen.o                  54
    zero_init3.o              58
    ----------------------------------------------
    Total:                 1'166

shb_l.a: [5]
    close.o                   24
    dwrite.o                  30
    exit.o                    20
    iarttio.o                124
    iarwrite.o                34
    iarwstd.o                 32
    lseek.o                   74
    remove.o                  20
    write.o                   16
    ----------------------------------------------
    Total:                   374

    Gaps                      33        2
    Linker created                     32   16'384
--------------------------------------------------
    Grand Total:          13'747    1'238   17'017


*******************************************************************************
*** ENTRY LIST
***

Entry                       Address   Size  Type      Object
-----                       -------   ----  ----      ------
.iar.init_table$$Base    0x800'3860          --   Gb  - Linker created -
.iar.init_table$$Limit   0x800'3880          --   Gb  - Linker created -
?main                    0x800'38a1         Code  Gb  cmain.o [4]
Aldata                  0x2000'0260    0x8  Data  Lc  heap0.o [2]
BusFault_Handler         0x800'11a1    0x2  Code  Gb  stm32f30x_it.o [1]
CSTACK$$Base            0x2000'0280          --   Gb  - Linker created -
CSTACK$$Limit           0x2000'2280          --   Gb  - Linker created -
DebugMon_Handler         0x800'11a7    0x2  Code  Gb  stm32f30x_it.o [1]
HEAP$$Base              0x2000'2280          --   Gb  - Linker created -
HEAP$$Limit             0x2000'4280          --   Gb  - Linker created -
HardFault_Handler        0x800'119d    0x2  Code  Gb  stm32f30x_it.o [1]
MemManage_Handler        0x800'119f    0x2  Code  Gb  stm32f30x_it.o [1]
NMI_Handler              0x800'119b    0x2  Code  Gb  stm32f30x_it.o [1]
PendSV_Handler           0x800'11a9    0x2  Code  Gb  stm32f30x_it.o [1]
Region$$Table$$Base      0x800'3860          --   Gb  - Linker created -
Region$$Table$$Limit     0x800'3880          --   Gb  - Linker created -
SVC_Handler              0x800'11a5    0x2  Code  Gb  stm32f30x_it.o [1]
SetSysClock              0x800'2fa9   0x9a  Code  Lc  system_stm32f30x.o [1]
SysTick_Handler          0x800'11ab    0x2  Code  Gb  stm32f30x_it.o [1]
SystemInit               0x800'2f49   0x60  Code  Gb  system_stm32f30x.o [1]
TIM2_IRQHandler          0x800'310d   0x3e  Code  Gb  main.o [1]
UsageFault_Handler       0x800'11a3    0x2  Code  Gb  stm32f30x_it.o [1]
_Close_all               0x800'37d9   0x3c  Code  Gb  xcloseall.o [2]
_Files                  0x2000'0110   0x20  Data  Gb  xfiles.o [2]
_Fofree                  0x800'35c1   0x96  Code  Gb  xfofind.o [2]
_Fspos                   0x800'31d1   0xd8  Code  Gb  xfspos.o [2]
_Fwprep                  0x800'34e9   0xb4  Code  Gb  xfwprep.o [2]
_LitobFullNoMb           0x800'0f45  0x10a  Code  Lc  xprintffull_nomb.o [2]
_Locale_lconv           0x2000'0000   0x38  Data  Lc  xlocale_c.o [2]
_Nnl                     0x800'3355    0xc  Code  Gb  xfgpos.o [2]
_PrintfFullNoMb          0x800'0189  0xd98  Code  Gb  xprintffull_nomb.o [2]
_Prout                   0x800'38d7   0x16  Code  Gb  xprout.o [2]
_PutcharFullNoMb         0x800'10b5   0x20  Code  Lc  xprintffull_nomb.o [2]
_PutcharsFullNoMb        0x800'10d5   0x2e  Code  Lc  xprintffull_nomb.o [2]
__aeabi_cdcmpeq          0x800'25f5         Code  Gb  DblCmpEq.o [3]
__aeabi_cdcmple          0x800'1395         Code  Gb  DblCmpLe.o [3]
__aeabi_cdrcmple         0x800'13c5         Code  Gb  DblCmpGe.o [3]
__aeabi_d2iz             0x800'1531         Code  Gb  DblToS32.o [3]
__aeabi_d2uiz            0x800'18bd         Code  Gb  DblToU32.o [3]
__aeabi_dadd             0x800'1ce5         Code  Gb  DblAdd.o [3]
__aeabi_ddiv             0x800'1675         Code  Gb  DblDiv.o [3]
__aeabi_dmul             0x800'1901         Code  Gb  DblMul.o [3]
__aeabi_dsub             0x800'1591         Code  Gb  DblSub.o [3]
__aeabi_i2d              0x800'156d         Code  Gb  S32ToDbl.o [3]
__aeabi_ldiv0            0x800'1e61         Code  Gb  I64DivZer.o [4]
__aeabi_memcpy           0x800'127d         Code  Gb  ABImemcpy.o [4]
__aeabi_memcpy4          0x800'129d         Code  Gb  ABImemcpy.o [4]
__aeabi_memcpy8          0x800'129d         Code  Gb  ABImemcpy.o [4]
__aeabi_ui2d             0x800'18e5         Code  Gb  U32ToDbl.o [3]
__aeabi_uldivmod         0x800'1aad         Code  Gb  I64DivMod.o [4]
__basic_free             0x800'2e8d   0x16  Code  Gb  heap0.o [2]
__basic_free_intern      0x800'2ea3   0x74  Code  Lc  heap0.o [2]
__basic_malloc           0x800'2de1   0x18  Code  Gb  heap0.o [2]
__basic_malloc_intern    0x800'2df9   0x94  Code  Lc  heap0.o [2]
__cexit_closeall         0x800'38cb         Code  Gb  cexit.o [4]
__close                  0x800'36df   0x18  Code  Gb  close.o [5]
__cmain                  0x800'38a1         Code  Gb  cmain.o [4]
__cstart_closeall        0x800'3a20         Data  Gb  cstart_closeall.o [4]
__data_GetMemChunk       0x800'2f1d   0x2c  Code  Gb  xgetmemchunk.o [2]
__data_GetMemChunk::start
                        0x2000'0274    0x4  Data  Lc  xgetmemchunk.o [2]
__dwrite                 0x800'3489   0x1e  Code  Gb  dwrite.o [5]
__exit                   0x800'1e65   0x14  Code  Gb  exit.o [5]
__iar_Exp64              0x800'2615  0x34c  Code  Gb  iar_Exp64.o [3]
__iar_Fail_s             0x800'11ad   0x1c  Code  Gb  xfail_s.o [2]
__iar_Memchr             0x800'1225         Code  Gb  memchr.o [4]
__iar_Stderr            0x2000'00c8   0x48  Data  Gb  xfiles.o [2]
__iar_Stdin             0x2000'0038   0x48  Data  Gb  xfiles.o [2]
__iar_Stdout            0x2000'0080   0x48  Data  Gb  xfiles.o [2]
__iar_Strchr             0x800'1185         Code  Gb  strchr.o [4]
__iar_close_ttio         0x800'1e79   0x2c  Code  Gb  iarttio.o [5]
__iar_dadd               0x800'15a1         Code  Gb  DblSub.o [3]
__iar_data_init3         0x800'3815   0x28  Code  Gb  data_init.o [4]
__iar_dsub               0x800'1cf5         Code  Gb  DblAdd.o [3]
__iar_dsubStart          0x800'1d07         Code  Gb  DblAdd.o [3]
__iar_frexp              0x800'1331         Code  Gb  frexp.o [3]
__iar_frexpl             0x800'1331         Code  Gb  frexp.o [3]
__iar_get_ttio           0x800'1ea5   0x4c  Code  Gb  iarttio.o [5]
__iar_init_vfp           0x800'383d         Code  Gb  fpinit_M.o [3]
__iar_ldexp64            0x800'13f5         Code  Gb  ldexp.o [3]
__iar_lookup_ttioh       0x800'1f23    0x4  Code  Gb  XShttio.o [2]
__iar_lz77_init_single3
                         0x800'370b   0x78  Code  Gb  lz77_init_single.o [4]
__iar_pow64              0x800'1f31  0x6c4  Code  Gb  pow64.o [3]
__iar_pow_medium         0x800'1f31  0x6c4  Code  Gb  pow64.o [3]
__iar_pow_medium64       0x800'1f31  0x6c4  Code  Gb  pow64.o [3]
__iar_pow_mediuml        0x800'1f31  0x6c4  Code  Gb  pow64.o [3]
__iar_program_start      0x800'3909         Code  Gb  cstartup_M.o [4]
__iar_scalbln64          0x800'13f5         Code  Gb  ldexp.o [3]
__iar_scalbn64           0x800'13f5         Code  Gb  ldexp.o [3]
__iar_sh_Discard         0x800'33bd   0x42  Code  Gb  XShHandles.o [2]
__iar_sh_Move            0x800'33ff   0x46  Code  Gb  XShHandles.o [2]
__iar_sh_Pos             0x800'3445   0x3e  Code  Gb  XShHandles.o [2]
__iar_sh_stdout          0x800'34a7   0x20  Code  Gb  iarwstd.o [5]
__iar_sh_write           0x800'34c7   0x22  Code  Gb  iarwrite.o [5]
__iar_softfp___iar_frexp64
                         0x800'1325         Code  Gb  frexp.o [3]
__iar_softfp_frexp       0x800'1325         Code  Gb  frexp.o [3]
__iar_softfp_frexpl      0x800'1325         Code  Gb  frexp.o [3]
__iar_ttio_guard_lock    0x800'1ef5   0x1e  Code  Gb  XShttio.o [2]
__iar_ttio_guard_unlock
                         0x800'1f13   0x10  Code  Gb  XShttio.o [2]
__iar_ttio_handles      0x2000'0130    0x8  Data  Lc  XShttio.o [2]
__iar_vfp_pow            0x800'3197   0x10  Code  Gb  math_wrappers64.o [3]
__iar_zero_init3         0x800'114b   0x3a  Code  Gb  zero_init3.o [4]
__low_level_init         0x800'38bf    0x4  Code  Gb  low_level_init.o [2]
__lseek                  0x800'3361   0x4a  Code  Gb  lseek.o [5]
__vector_table           0x800'0000         Data  Gb  startup_stm32f30x.o [1]
__write                  0x800'33ab   0x10  Code  Gb  write.o [5]
_call_main               0x800'38ad         Code  Gb  cmain.o [4]
_exit                    0x800'38c9         Code  Gb  cexit.o [4]
_main                    0x800'38bb         Code  Gb  cmain.o [4]
abort                    0x800'1cdd    0x6  Code  Gb  abort.o [2]
clock                   0x2000'0268    0x4  Data  Gb  main.o [1]
ebuf                    0x2000'01b8   0x50  Data  Lc  xfiles.o [2]
exit                     0x800'38c3    0x4  Code  Gb  exit.o [2]
fclose                   0x800'3661   0x7e  Code  Gb  fclose.o [2]
fflush                   0x800'331d   0x34  Code  Gb  fflush.o [2]
fflushOne                0x800'32a9   0x74  Code  Lc  fflush.o [2]
fputc                    0x800'3783   0x54  Code  Gb  fputc.o [2]
free                     0x800'365d    0x4  Code  Gb  heaptramp0.o [2]
fseek                    0x800'359d   0x24  Code  Gb  fseek.o [2]
j                       0x2000'026c    0x4  Data  Gb  main.o [1]
ldexp                    0x800'13f5         Code  Gb  ldexp.o [3]
ldexpl                   0x800'13f5         Code  Gb  ldexp.o [3]
lnbias                   0x800'29c0  0x420  Data  Lc  pow64.o [3]
localeconv               0x800'1aa5    0x4  Code  Gb  xlocale_c.o [2]
main                     0x800'3071   0x9c  Code  Gb  main.o [1]
memchr                   0x800'1225         Code  Gb  memchr.o [4]
obuf                    0x2000'0208   0x50  Data  Lc  xfiles.o [2]
pow                      0x800'1f31  0x6c4  Code  Gb  pow64.o [3]
powl                     0x800'1f31  0x6c4  Code  Gb  pow64.o [3]
printf                   0x800'31a9   0x28  Code  Gb  printf.o [2]
putchar                  0x800'38ed    0xc  Code  Gb  putchar.o [2]
remove                   0x800'36f7   0x14  Code  Gb  remove.o [5]
sFileInfo               0x2000'0138   0x80  Data  Lc  XShHandles.o [2]
scalbln                  0x800'13f5         Code  Gb  ldexp.o [3]
scalblnl                 0x800'13f5         Code  Gb  ldexp.o [3]
scalbn                   0x800'13f5         Code  Gb  ldexp.o [3]
scalbnl                  0x800'13f5         Code  Gb  ldexp.o [3]
scale                    0x800'104f   0x46  Code  Lc  xprintffull_nomb.o [2]
sec_hand                0x2000'0270    0x4  Data  Lc  xfail_s.o [2]
strchr                   0x800'1185         Code  Gb  strchr.o [4]
strlen                   0x800'11ed         Code  Gb  strlen.o [4]
ttio_guard              0x2000'0278    0x1  Data  Lc  XShttio.o [2]
vettDAC                 0x2000'0258    0x8  Data  Gb  main.o [1]


[1] = C:\Users\salva\Desktop\LMM\Generazione Segnale constante DAC\Debug\Obj
[2] = dl7M_tlf.a
[3] = m7M_tls.a
[4] = rt7M_tl.a
[5] = shb_l.a

  13'747 bytes of readonly  code memory
   1'238 bytes of readonly  data memory
  17'017 bytes of readwrite data memory

Errors: none
Warnings: none
