###############################################################################
#
# IAR ELF Linker V8.50.6.265/W32 for ARM                  26/Apr/2022  10:58:16
# Copyright 2007-2020 IAR Systems AB.
#
#    Output file  =
#        C:\Users\salva\Desktop\LMM\Progetto 3 - Accendere LED con il tasto
#        USER\Debug\Exe\proj3.out
#    Map file     =
#        C:\Users\salva\Desktop\LMM\Progetto 3 - Accendere LED con il tasto
#        USER\Debug\List\proj3.map
#    Command line =
#        -f C:\Users\salva\AppData\Local\Temp\EWD56F.tmp
#        ("C:\Users\salva\Desktop\LMM\Progetto 3 - Accendere LED con il tasto
#        USER\Debug\Obj\main.o" --no_out_extension -o
#        "C:\Users\salva\Desktop\LMM\Progetto 3 - Accendere LED con il tasto
#        USER\Debug\Exe\proj3.out" --redirect _Printf=_PrintfFullNoMb
#        --redirect _Scanf=_ScanfFullNoMb --map
#        "C:\Users\salva\Desktop\LMM\Progetto 3 - Accendere LED con il tasto
#        USER\Debug\List\proj3.map" --config "C:\Program Files (x86)\IAR
#        Systems\Embedded Workbench 8.4_2\arm\CONFIG\generic_cortex.icf"
#        --semihosting --entry __iar_program_start --vfe --text_out locale)
#
###############################################################################

*******************************************************************************
*** RUNTIME MODEL ATTRIBUTES
***

CppFlavor       = *
__SystemLibrary = DLib
__dlib_version  = 6


*******************************************************************************
*** HEAP SELECTION
***

The basic heap was selected because some modules are built with
size limitations (and not runtime checking), and --advanced_heap
was not specified.


*******************************************************************************
*** PLACEMENT SUMMARY
***

"A0":  place at address 0x0 { ro section .intvec };
"P1":  place in [from 0x0 to 0x7'ffff] { ro };
define block CSTACK with size = 1K, alignment = 8 { };
define block PROC_STACK with size = 0, alignment = 8 { };
define block HEAP with size = 2K, alignment = 8 { };
"P2":  place in [from 0x2000'0000 to 0x2000'ffff] {
          rw, block CSTACK, block PROC_STACK, block HEAP };

  Section          Kind         Address   Size  Object
  -------          ----         -------   ----  ------
"A0":                                     0x40
  .intvec          ro code          0x0   0x40  vector_table_M.o [3]
                                 - 0x40   0x40

"P1":                                    0x130
  .text            ro code         0x40   0x68  main.o [1]
  .text            ro code         0xa8   0x3a  zero_init3.o [3]
  .text            ro code         0xe2    0x2  vector_table_M.o [3]
  .text            ro code         0xe4   0x28  data_init.o [3]
  .iar.init_table  const          0x10c   0x10  - Linker created -
  .text            ro code        0x11c   0x1e  cmain.o [3]
  .text            ro code        0x13a    0x4  low_level_init.o [2]
  .text            ro code        0x13e    0x4  exit.o [2]
  .text            ro code        0x144    0xa  cexit.o [3]
  .text            ro code        0x150   0x14  exit.o [4]
  .text            ro code        0x164    0xc  cstartup_M.o [3]
  .rodata          const          0x170    0x0  zero_init3.o [3]
                                - 0x170  0x130

"P2", part 1 of 2:                         0x4
  .bss             zero     0x2000'0000    0x4  main.o [1]
                          - 0x2000'0004    0x4

"P2", part 2 of 2:                       0x400
  CSTACK                    0x2000'0008  0x400  <Block>
    CSTACK         uninit   0x2000'0008  0x400  <Block tail>
                          - 0x2000'0408  0x400

Unused ranges:

         From           To      Size
         ----           --      ----
        0x170     0x7'ffff  0x7'fe90
  0x2000'0004  0x2000'0007       0x4
  0x2000'0408  0x2000'ffff    0xfbf8


*******************************************************************************
*** INIT TABLE
***

          Address      Size
          -------      ----
Zero (__iar_zero_init3)
    1 destination range, total size 0x4:
          0x2000'0000   0x4



*******************************************************************************
*** MODULE SUMMARY
***

    Module            ro code  ro data  rw data
    ------            -------  -------  -------
command line/config:
    -------------------------------------------
    Total:

C:\Users\salva\Desktop\LMM\Progetto 3 - Accendere LED con il tasto USER\Debug\Obj: [1]
    main.o                104                 4
    -------------------------------------------
    Total:                104                 4

dl7M_tln.a: [2]
    exit.o                  4
    low_level_init.o        4
    -------------------------------------------
    Total:                  8

rt7M_tl.a: [3]
    cexit.o                10
    cmain.o                30
    cstartup_M.o           12
    data_init.o            40
    vector_table_M.o       66
    zero_init3.o           58
    -------------------------------------------
    Total:                216

shb_l.a: [4]
    exit.o                 20
    -------------------------------------------
    Total:                 20

    Gaps                    4
    Linker created                  16    1'024
-----------------------------------------------
    Grand Total:          352       16    1'028


*******************************************************************************
*** ENTRY LIST
***

Entry                       Address  Size  Type      Object
-----                       -------  ----  ----      ------
.iar.init_table$$Base         0x10c         --   Gb  - Linker created -
.iar.init_table$$Limit        0x11c         --   Gb  - Linker created -
?main                         0x11d        Code  Gb  cmain.o [3]
CSTACK$$Base            0x2000'0008         --   Gb  - Linker created -
CSTACK$$Limit           0x2000'0408         --   Gb  - Linker created -
Region$$Table$$Base           0x10c         --   Gb  - Linker created -
Region$$Table$$Limit          0x11c         --   Gb  - Linker created -
__cmain                       0x11d        Code  Gb  cmain.o [3]
__exit                        0x151  0x14  Code  Gb  exit.o [4]
__iar_data_init3               0xe5  0x28  Code  Gb  data_init.o [3]
__iar_program_start           0x165        Code  Gb  cstartup_M.o [3]
__iar_zero_init3               0xa9  0x3a  Code  Gb  zero_init3.o [3]
__low_level_init              0x13b   0x4  Code  Gb  low_level_init.o [2]
__vector_table                  0x0        Data  Gb  vector_table_M.o [3]
_call_main                    0x129        Code  Gb  cmain.o [3]
_exit                         0x145        Code  Gb  cexit.o [3]
_main                         0x137        Code  Gb  cmain.o [3]
exit                          0x13f   0x4  Code  Gb  exit.o [2]
main                           0x41  0x68  Code  Gb  main.o [1]
p                       0x2000'0000   0x4  Data  Gb  main.o [1]


[1] = C:\Users\salva\Desktop\LMM\Progetto 3 - Accendere LED con il tasto USER\Debug\Obj
[2] = dl7M_tln.a
[3] = rt7M_tl.a
[4] = shb_l.a

    352 bytes of readonly  code memory
     16 bytes of readonly  data memory
  1'028 bytes of readwrite data memory

Errors: none
Warnings: none
